Creating test database for alias 'default' ('file:memorydb_default?mode=memory&cache=shared')...
2026-05-21 23:18:16 [DEBUG   ] (schema.execute) CREATE TABLE "django_migrations" ("id" integer NOT NULL PRIMARY KEY AUTOINCREMENT, "app" varchar(255) NOT NULL, "name" varchar(255) NOT NULL, "applied" datetime NOT NULL); (params None)
🚀 Running in DEVELOPMENT mode
📁 BASE_DIR: /home/asher/PycharmProjects/Efilwol
🗄️  Database: SQLite (db.sqlite3)
📧 Email: Console backend
🔗 BASE_URL: http://127.0.0.1:8000
Found 65 test(s).
Operations to perform:
  Synchronize unmigrated apps: messages, staticfiles
  Apply all migrations: admin, auth, contenttypes, game, script, sessions, users
Synchronizing apps without migrations:
  Creating tables...
    Running deferred SQL...
Running migrations:
  Applying contenttypes.0001_initial...2026-05-21 23:18:16 [DEBUG   ] (schema.execute) CREATE TABLE "django_content_type" ("id" integer NOT NULL PRIMARY KEY AUTOINCREMENT, "name" varchar(100) NOT NULL, "app_label" varchar(100) NOT NULL, "model" varchar(100) NOT NULL); (params None)
2026-05-21 23:18:16 [DEBUG   ] (schema.execute) CREATE UNIQUE INDEX "django_content_type_app_label_model_76bd3d3b_uniq" ON "django_content_type" ("app_label", "model"); (params ())
 OK
  Applying contenttypes.0002_remove_content_type_name...2026-05-21 23:18:16 [DEBUG   ] (schema.execute) CREATE TABLE "new__django_content_type" ("id" integer NOT NULL PRIMARY KEY AUTOINCREMENT, "app_label" varchar(100) NOT NULL, "model" varchar(100) NOT NULL, "name" varchar(100) NULL); (params None)
2026-05-21 23:18:16 [DEBUG   ] (schema.execute) INSERT INTO "new__django_content_type" ("id", "app_label", "model", "name") SELECT "id", "app_label", "model", "name" FROM "django_content_type"; (params ())
2026-05-21 23:18:16 [DEBUG   ] (schema.execute) DROP TABLE "django_content_type"; (params ())
2026-05-21 23:18:16 [DEBUG   ] (schema.execute) ALTER TABLE "new__django_content_type" RENAME TO "django_content_type"; (params ())
2026-05-21 23:18:16 [DEBUG   ] (schema.execute) CREATE UNIQUE INDEX "django_content_type_app_label_model_76bd3d3b_uniq" ON "django_content_type" ("app_label", "model"); (params ())
2026-05-21 23:18:16 [DEBUG   ] (schema.execute) ALTER TABLE "django_content_type" DROP COLUMN "name"; (params ())
 OK
  Applying auth.0001_initial...2026-05-21 23:18:16 [DEBUG   ] (schema.execute) CREATE TABLE "auth_permission" ("id" integer NOT NULL PRIMARY KEY AUTOINCREMENT, "name" varchar(50) NOT NULL, "content_type_id" integer NOT NULL REFERENCES "django_content_type" ("id") DEFERRABLE INITIALLY DEFERRED, "codename" varchar(100) NOT NULL); (params None)
2026-05-21 23:18:16 [DEBUG   ] (schema.execute) CREATE TABLE "auth_group" ("id" integer NOT NULL PRIMARY KEY AUTOINCREMENT, "name" varchar(80) NOT NULL UNIQUE); (params None)
2026-05-21 23:18:16 [DEBUG   ] (schema.execute) CREATE TABLE "auth_group_permissions" ("id" integer NOT NULL PRIMARY KEY AUTOINCREMENT, "group_id" integer NOT NULL REFERENCES "auth_group" ("id") DEFERRABLE INITIALLY DEFERRED, "permission_id" integer NOT NULL REFERENCES "auth_permission" ("id") DEFERRABLE INITIALLY DEFERRED); (params None)
2026-05-21 23:18:16 [DEBUG   ] (schema.execute) CREATE UNIQUE INDEX "auth_permission_content_type_id_codename_01ab375a_uniq" ON "auth_permission" ("content_type_id", "codename"); (params None)
2026-05-21 23:18:16 [DEBUG   ] (schema.execute) CREATE INDEX "auth_permission_content_type_id_2f476e4b" ON "auth_permission" ("content_type_id"); (params None)
2026-05-21 23:18:16 [DEBUG   ] (schema.execute) CREATE UNIQUE INDEX "auth_group_permissions_group_id_permission_id_0cd325b0_uniq" ON "auth_group_permissions" ("group_id", "permission_id"); (params None)
2026-05-21 23:18:16 [DEBUG   ] (schema.execute) CREATE INDEX "auth_group_permissions_group_id_b120cbf9" ON "auth_group_permissions" ("group_id"); (params None)
2026-05-21 23:18:16 [DEBUG   ] (schema.execute) CREATE INDEX "auth_group_permissions_permission_id_84c5c92e" ON "auth_group_permissions" ("permission_id"); (params None)
 OK
  Applying auth.0002_alter_permission_name_max_length...2026-05-21 23:18:16 [DEBUG   ] (schema.execute) CREATE TABLE "new__auth_permission" ("id" integer NOT NULL PRIMARY KEY AUTOINCREMENT, "content_type_id" integer NOT NULL REFERENCES "django_content_type" ("id") DEFERRABLE INITIALLY DEFERRED, "codename" varchar(100) NOT NULL, "name" varchar(255) NOT NULL); (params None)
2026-05-21 23:18:16 [DEBUG   ] (schema.execute) INSERT INTO "new__auth_permission" ("id", "content_type_id", "codename", "name") SELECT "id", "content_type_id", "codename", "name" FROM "auth_permission"; (params ())
2026-05-21 23:18:16 [DEBUG   ] (schema.execute) DROP TABLE "auth_permission"; (params ())
2026-05-21 23:18:16 [DEBUG   ] (schema.execute) ALTER TABLE "new__auth_permission" RENAME TO "auth_permission"; (params ())
2026-05-21 23:18:16 [DEBUG   ] (schema.execute) CREATE UNIQUE INDEX "auth_permission_content_type_id_codename_01ab375a_uniq" ON "auth_permission" ("content_type_id", "codename"); (params ())
2026-05-21 23:18:16 [DEBUG   ] (schema.execute) CREATE INDEX "auth_permission_content_type_id_2f476e4b" ON "auth_permission" ("content_type_id"); (params ())
 OK
  Applying auth.0003_alter_user_email_max_length... OK
  Applying auth.0004_alter_user_username_opts... OK
  Applying auth.0005_alter_user_last_login_null... OK
  Applying auth.0006_require_contenttypes_0002... OK
  Applying auth.0007_alter_validators_add_error_messages... OK
  Applying auth.0008_alter_user_username_max_length... OK
  Applying auth.0009_alter_user_last_name_max_length... OK
  Applying auth.0010_alter_group_name_max_length...2026-05-21 23:18:16 [DEBUG   ] (schema.execute) CREATE TABLE "new__auth_group" ("id" integer NOT NULL PRIMARY KEY AUTOINCREMENT, "name" varchar(150) NOT NULL UNIQUE); (params None)
2026-05-21 23:18:16 [DEBUG   ] (schema.execute) INSERT INTO "new__auth_group" ("id", "name") SELECT "id", "name" FROM "auth_group"; (params ())
2026-05-21 23:18:16 [DEBUG   ] (schema.execute) DROP TABLE "auth_group"; (params ())
2026-05-21 23:18:16 [DEBUG   ] (schema.execute) ALTER TABLE "new__auth_group" RENAME TO "auth_group"; (params ())
 OK
  Applying auth.0011_update_proxy_permissions... OK
  Applying auth.0012_alter_user_first_name_max_length... OK
  Applying users.0001_initial...2026-05-21 23:18:16 [DEBUG   ] (schema.execute) CREATE TABLE "users_user" ("id" integer NOT NULL PRIMARY KEY AUTOINCREMENT, "password" varchar(128) NOT NULL, "last_login" datetime NULL, "is_superuser" bool NOT NULL, "first_name" varchar(150) NOT NULL, "last_name" varchar(150) NOT NULL, "is_staff" bool NOT NULL, "is_active" bool NOT NULL, "date_joined" datetime NOT NULL, "email" varchar(254) NOT NULL UNIQUE); (params None)
2026-05-21 23:18:16 [DEBUG   ] (schema.execute) CREATE TABLE "users_user_groups" ("id" integer NOT NULL PRIMARY KEY AUTOINCREMENT, "user_id" bigint NOT NULL REFERENCES "users_user" ("id") DEFERRABLE INITIALLY DEFERRED, "group_id" integer NOT NULL REFERENCES "auth_group" ("id") DEFERRABLE INITIALLY DEFERRED); (params None)
2026-05-21 23:18:16 [DEBUG   ] (schema.execute) CREATE TABLE "users_user_user_permissions" ("id" integer NOT NULL PRIMARY KEY AUTOINCREMENT, "user_id" bigint NOT NULL REFERENCES "users_user" ("id") DEFERRABLE INITIALLY DEFERRED, "permission_id" integer NOT NULL REFERENCES "auth_permission" ("id") DEFERRABLE INITIALLY DEFERRED); (params None)
2026-05-21 23:18:16 [DEBUG   ] (schema.execute) CREATE UNIQUE INDEX "users_user_groups_user_id_group_id_b88eab82_uniq" ON "users_user_groups" ("user_id", "group_id"); (params None)
2026-05-21 23:18:16 [DEBUG   ] (schema.execute) CREATE INDEX "users_user_groups_user_id_5f6f5a90" ON "users_user_groups" ("user_id"); (params None)
2026-05-21 23:18:16 [DEBUG   ] (schema.execute) CREATE INDEX "users_user_groups_group_id_9afc8d0e" ON "users_user_groups" ("group_id"); (params None)
2026-05-21 23:18:16 [DEBUG   ] (schema.execute) CREATE UNIQUE INDEX "users_user_user_permissions_user_id_permission_id_43338c45_uniq" ON "users_user_user_permissions" ("user_id", "permission_id"); (params None)
2026-05-21 23:18:16 [DEBUG   ] (schema.execute) CREATE INDEX "users_user_user_permissions_user_id_20aca447" ON "users_user_user_permissions" ("user_id"); (params None)
2026-05-21 23:18:16 [DEBUG   ] (schema.execute) CREATE INDEX "users_user_user_permissions_permission_id_0b93982e" ON "users_user_user_permissions" ("permission_id"); (params None)
 OK
  Applying admin.0001_initial...2026-05-21 23:18:16 [DEBUG   ] (schema.execute) CREATE TABLE "django_admin_log" ("id" integer NOT NULL PRIMARY KEY AUTOINCREMENT, "action_time" datetime NOT NULL, "object_id" text NULL, "object_repr" varchar(200) NOT NULL, "action_flag" smallint unsigned NOT NULL CHECK ("action_flag" >= 0), "change_message" text NOT NULL, "content_type_id" integer NULL REFERENCES "django_content_type" ("id") DEFERRABLE INITIALLY DEFERRED, "user_id" bigint NOT NULL REFERENCES "users_user" ("id") DEFERRABLE INITIALLY DEFERRED); (params None)
2026-05-21 23:18:16 [DEBUG   ] (schema.execute) CREATE INDEX "django_admin_log_content_type_id_c4bce8eb" ON "django_admin_log" ("content_type_id"); (params None)
2026-05-21 23:18:16 [DEBUG   ] (schema.execute) CREATE INDEX "django_admin_log_user_id_c564eba6" ON "django_admin_log" ("user_id"); (params None)
 OK
  Applying admin.0002_logentry_remove_auto_add...2026-05-21 23:18:16 [DEBUG   ] (schema.execute) CREATE TABLE "new__django_admin_log" ("id" integer NOT NULL PRIMARY KEY AUTOINCREMENT, "object_id" text NULL, "object_repr" varchar(200) NOT NULL, "action_flag" smallint unsigned NOT NULL CHECK ("action_flag" >= 0), "change_message" text NOT NULL, "content_type_id" integer NULL REFERENCES "django_content_type" ("id") DEFERRABLE INITIALLY DEFERRED, "user_id" bigint NOT NULL REFERENCES "users_user" ("id") DEFERRABLE INITIALLY DEFERRED, "action_time" datetime NOT NULL); (params None)
2026-05-21 23:18:16 [DEBUG   ] (schema.execute) INSERT INTO "new__django_admin_log" ("id", "object_id", "object_repr", "action_flag", "change_message", "content_type_id", "user_id", "action_time") SELECT "id", "object_id", "object_repr", "action_flag", "change_message", "content_type_id", "user_id", "action_time" FROM "django_admin_log"; (params ())
2026-05-21 23:18:16 [DEBUG   ] (schema.execute) DROP TABLE "django_admin_log"; (params ())
2026-05-21 23:18:16 [DEBUG   ] (schema.execute) ALTER TABLE "new__django_admin_log" RENAME TO "django_admin_log"; (params ())
2026-05-21 23:18:16 [DEBUG   ] (schema.execute) CREATE INDEX "django_admin_log_content_type_id_c4bce8eb" ON "django_admin_log" ("content_type_id"); (params ())
2026-05-21 23:18:16 [DEBUG   ] (schema.execute) CREATE INDEX "django_admin_log_user_id_c564eba6" ON "django_admin_log" ("user_id"); (params ())
 OK
  Applying admin.0003_logentry_add_action_flag_choices... OK
  Applying script.0001_initial...2026-05-21 23:18:16 [DEBUG   ] (schema.execute) CREATE TABLE "script_script" ("id" integer NOT NULL PRIMARY KEY AUTOINCREMENT, "name" varchar(100) NOT NULL, "description" text NOT NULL, "role" varchar(10) NOT NULL, "damage_range" varchar(10) NOT NULL, "damage_specialization" varchar(20) NOT NULL, "subclass" varchar(30) NOT NULL, "min_health" integer NOT NULL, "max_health" integer NOT NULL, "created_at" datetime NOT NULL, "updated_at" datetime NOT NULL); (params None)
2026-05-21 23:18:16 [DEBUG   ] (schema.execute) CREATE TABLE "script_spells" ("id" integer NOT NULL PRIMARY KEY AUTOINCREMENT, "name" varchar(100) NOT NULL, "description" text NOT NULL, "damage" integer NOT NULL, "mana_cost" integer NOT NULL, "cooldown" integer NOT NULL, "damage_type" varchar(20) NOT NULL, "created_at" datetime NOT NULL, "updated_at" datetime NOT NULL); (params None)
 OK
  Applying script.0002_rename_max_health_script_health_and_more...2026-05-21 23:18:16 [DEBUG   ] (schema.execute) ALTER TABLE "script_script" RENAME COLUMN "max_health" TO "health"; (params ())
2026-05-21 23:18:16 [DEBUG   ] (schema.execute) ALTER TABLE "script_script" DROP COLUMN "min_health"; (params ())
2026-05-21 23:18:16 [DEBUG   ] (schema.execute) ALTER TABLE "script_script" DROP COLUMN "subclass"; (params ())
 OK
  Applying script.0003_rename_spells_spell_alter_script_role...2026-05-21 23:18:16 [DEBUG   ] (schema.execute) ALTER TABLE "script_spells" RENAME TO "script_spell"; (params ())
 OK
  Applying script.0004_remove_spell_damage_remove_spell_damage_type_and_more...2026-05-21 23:18:16 [DEBUG   ] (schema.execute) ALTER TABLE "script_spell" DROP COLUMN "damage"; (params ())
2026-05-21 23:18:16 [DEBUG   ] (schema.execute) ALTER TABLE "script_spell" DROP COLUMN "damage_type"; (params ())
2026-05-21 23:18:16 [DEBUG   ] (schema.execute) ALTER TABLE "script_spell" ADD COLUMN "attribute_modified" varchar(10) NULL; (params None)
2026-05-21 23:18:16 [DEBUG   ] (schema.execute) ALTER TABLE "script_spell" ADD COLUMN "duration" integer NULL; (params None)
2026-05-21 23:18:16 [DEBUG   ] (schema.execute) CREATE TABLE "new__script_spell" ("id" integer NOT NULL PRIMARY KEY AUTOINCREMENT, "name" varchar(100) NOT NULL, "description" text NOT NULL, "mana_cost" integer NOT NULL, "cooldown" integer NOT NULL, "created_at" datetime NOT NULL, "updated_at" datetime NOT NULL, "attribute_modified" varchar(10) NULL, "duration" integer NULL, "modifier" integer NOT NULL); (params None)
2026-05-21 23:18:16 [DEBUG   ] (schema.execute) INSERT INTO "new__script_spell" ("id", "name", "description", "mana_cost", "cooldown", "created_at", "updated_at", "attribute_modified", "duration", "modifier") SELECT "id", "name", "description", "mana_cost", "cooldown", "created_at", "updated_at", "attribute_modified", "duration", 0 FROM "script_spell"; (params ())
2026-05-21 23:18:16 [DEBUG   ] (schema.execute) DROP TABLE "script_spell"; (params ())
2026-05-21 23:18:16 [DEBUG   ] (schema.execute) ALTER TABLE "new__script_spell" RENAME TO "script_spell"; (params ())
2026-05-21 23:18:16 [DEBUG   ] (schema.execute) CREATE TABLE "new__script_spell" ("id" integer NOT NULL PRIMARY KEY AUTOINCREMENT, "name" varchar(100) NOT NULL, "description" text NOT NULL, "mana_cost" integer NOT NULL, "cooldown" integer NOT NULL, "created_at" datetime NOT NULL, "updated_at" datetime NOT NULL, "attribute_modified" varchar(10) NULL, "duration" integer NULL, "modifier" integer NOT NULL, "scope" varchar(10) NOT NULL); (params None)
2026-05-21 23:18:16 [DEBUG   ] (schema.execute) INSERT INTO "new__script_spell" ("id", "name", "description", "mana_cost", "cooldown", "created_at", "updated_at", "attribute_modified", "duration", "modifier", "scope") SELECT "id", "name", "description", "mana_cost", "cooldown", "created_at", "updated_at", "attribute_modified", "duration", "modifier", 'single' FROM "script_spell"; (params ())
2026-05-21 23:18:16 [DEBUG   ] (schema.execute) DROP TABLE "script_spell"; (params ())
2026-05-21 23:18:16 [DEBUG   ] (schema.execute) ALTER TABLE "new__script_spell" RENAME TO "script_spell"; (params ())
2026-05-21 23:18:16 [DEBUG   ] (schema.execute) CREATE TABLE "new__script_spell" ("id" integer NOT NULL PRIMARY KEY AUTOINCREMENT, "name" varchar(100) NOT NULL, "description" text NOT NULL, "mana_cost" integer NOT NULL, "cooldown" integer NOT NULL, "created_at" datetime NOT NULL, "updated_at" datetime NOT NULL, "attribute_modified" varchar(10) NULL, "duration" integer NULL, "modifier" integer NOT NULL, "scope" varchar(10) NOT NULL, "type" varchar(20) NOT NULL); (params None)
2026-05-21 23:18:16 [DEBUG   ] (schema.execute) INSERT INTO "new__script_spell" ("id", "name", "description", "mana_cost", "cooldown", "created_at", "updated_at", "attribute_modified", "duration", "modifier", "scope", "type") SELECT "id", "name", "description", "mana_cost", "cooldown", "created_at", "updated_at", "attribute_modified", "duration", "modifier", "scope", 'physical' FROM "script_spell"; (params ())
2026-05-21 23:18:16 [DEBUG   ] (schema.execute) DROP TABLE "script_spell"; (params ())
2026-05-21 23:18:16 [DEBUG   ] (schema.execute) ALTER TABLE "new__script_spell" RENAME TO "script_spell"; (params ())
 OK
  Applying script.0005_action_npcscript_delete_spell_script_attack_and_more...2026-05-21 23:18:16 [DEBUG   ] (schema.execute) CREATE TABLE "script_action" ("id" integer NOT NULL PRIMARY KEY AUTOINCREMENT, "name" varchar(100) NOT NULL, "description" text NOT NULL, "base_power" integer NOT NULL, "type" varchar(20) NOT NULL, "cast_time" integer NULL, "cooldown" integer NOT NULL, "duration" integer NULL, "max_targets" integer NOT NULL, "attribute_modified" varchar(10) NULL, "created_at" datetime NOT NULL, "updated_at" datetime NOT NULL); (params None)
2026-05-21 23:18:16 [DEBUG   ] (schema.execute) CREATE TABLE "script_npcscript" ("id" integer NOT NULL PRIMARY KEY AUTOINCREMENT, "name" varchar(100) NOT NULL, "description" text NOT NULL, "damage_specialization" varchar(20) NOT NULL, "health" integer NOT NULL, "defence" decimal NOT NULL, "resistance" decimal NOT NULL, "attack" decimal NOT NULL, "speed" decimal NOT NULL, "luck" decimal NOT NULL, "created_at" datetime NOT NULL, "updated_at" datetime NOT NULL); (params None)
2026-05-21 23:18:16 [DEBUG   ] (schema.execute) DROP TABLE "script_spell"; (params ())
2026-05-21 23:18:16 [DEBUG   ] (schema.execute) CREATE TABLE "new__script_script" ("id" integer NOT NULL PRIMARY KEY AUTOINCREMENT, "name" varchar(100) NOT NULL, "description" text NOT NULL, "role" varchar(10) NOT NULL, "damage_range" varchar(10) NOT NULL, "damage_specialization" varchar(20) NOT NULL, "created_at" datetime NOT NULL, "updated_at" datetime NOT NULL, "health" integer NOT NULL, "attack" decimal NOT NULL); (params None)
2026-05-21 23:18:16 [DEBUG   ] (schema.execute) INSERT INTO "new__script_script" ("id", "name", "description", "role", "damage_range", "damage_specialization", "created_at", "updated_at", "health", "attack") SELECT "id", "name", "description", "role", "damage_range", "damage_specialization", "created_at", "updated_at", "health", '0' FROM "script_script"; (params ())
2026-05-21 23:18:16 [DEBUG   ] (schema.execute) DROP TABLE "script_script"; (params ())
2026-05-21 23:18:16 [DEBUG   ] (schema.execute) ALTER TABLE "new__script_script" RENAME TO "script_script"; (params ())
2026-05-21 23:18:16 [DEBUG   ] (schema.execute) CREATE TABLE "new__script_script" ("id" integer NOT NULL PRIMARY KEY AUTOINCREMENT, "name" varchar(100) NOT NULL, "description" text NOT NULL, "role" varchar(10) NOT NULL, "damage_range" varchar(10) NOT NULL, "damage_specialization" varchar(20) NOT NULL, "created_at" datetime NOT NULL, "updated_at" datetime NOT NULL, "health" integer NOT NULL, "attack" decimal NOT NULL, "defence" decimal NOT NULL); (params None)
2026-05-21 23:18:16 [DEBUG   ] (schema.execute) INSERT INTO "new__script_script" ("id", "name", "description", "role", "damage_range", "damage_specialization", "created_at", "updated_at", "health", "attack", "defence") SELECT "id", "name", "description", "role", "damage_range", "damage_specialization", "created_at", "updated_at", "health", "attack", '0' FROM "script_script"; (params ())
2026-05-21 23:18:16 [DEBUG   ] (schema.execute) DROP TABLE "script_script"; (params ())
2026-05-21 23:18:16 [DEBUG   ] (schema.execute) ALTER TABLE "new__script_script" RENAME TO "script_script"; (params ())
2026-05-21 23:18:16 [DEBUG   ] (schema.execute) CREATE TABLE "new__script_script" ("id" integer NOT NULL PRIMARY KEY AUTOINCREMENT, "name" varchar(100) NOT NULL, "description" text NOT NULL, "role" varchar(10) NOT NULL, "damage_range" varchar(10) NOT NULL, "damage_specialization" varchar(20) NOT NULL, "created_at" datetime NOT NULL, "updated_at" datetime NOT NULL, "health" integer NOT NULL, "attack" decimal NOT NULL, "defence" decimal NOT NULL, "luck" decimal NOT NULL); (params None)
2026-05-21 23:18:16 [DEBUG   ] (schema.execute) INSERT INTO "new__script_script" ("id", "name", "description", "role", "damage_range", "damage_specialization", "created_at", "updated_at", "health", "attack", "defence", "luck") SELECT "id", "name", "description", "role", "damage_range", "damage_specialization", "created_at", "updated_at", "health", "attack", "defence", '0' FROM "script_script"; (params ())
2026-05-21 23:18:16 [DEBUG   ] (schema.execute) DROP TABLE "script_script"; (params ())
2026-05-21 23:18:16 [DEBUG   ] (schema.execute) ALTER TABLE "new__script_script" RENAME TO "script_script"; (params ())
2026-05-21 23:18:16 [DEBUG   ] (schema.execute) CREATE TABLE "new__script_script" ("id" integer NOT NULL PRIMARY KEY AUTOINCREMENT, "name" varchar(100) NOT NULL, "description" text NOT NULL, "role" varchar(10) NOT NULL, "damage_range" varchar(10) NOT NULL, "damage_specialization" varchar(20) NOT NULL, "created_at" datetime NOT NULL, "updated_at" datetime NOT NULL, "health" integer NOT NULL, "attack" decimal NOT NULL, "defence" decimal NOT NULL, "luck" decimal NOT NULL, "resistance" decimal NOT NULL); (params None)
2026-05-21 23:18:16 [DEBUG   ] (schema.execute) INSERT INTO "new__script_script" ("id", "name", "description", "role", "damage_range", "damage_specialization", "created_at", "updated_at", "health", "attack", "defence", "luck", "resistance") SELECT "id", "name", "description", "role", "damage_range", "damage_specialization", "created_at", "updated_at", "health", "attack", "defence", "luck", '0' FROM "script_script"; (params ())
2026-05-21 23:18:16 [DEBUG   ] (schema.execute) DROP TABLE "script_script"; (params ())
2026-05-21 23:18:16 [DEBUG   ] (schema.execute) ALTER TABLE "new__script_script" RENAME TO "script_script"; (params ())
2026-05-21 23:18:16 [DEBUG   ] (schema.execute) CREATE TABLE "new__script_script" ("id" integer NOT NULL PRIMARY KEY AUTOINCREMENT, "name" varchar(100) NOT NULL, "description" text NOT NULL, "role" varchar(10) NOT NULL, "damage_range" varchar(10) NOT NULL, "damage_specialization" varchar(20) NOT NULL, "created_at" datetime NOT NULL, "updated_at" datetime NOT NULL, "health" integer NOT NULL, "attack" decimal NOT NULL, "defence" decimal NOT NULL, "luck" decimal NOT NULL, "resistance" decimal NOT NULL, "speed" decimal NOT NULL); (params None)
2026-05-21 23:18:16 [DEBUG   ] (schema.execute) INSERT INTO "new__script_script" ("id", "name", "description", "role", "damage_range", "damage_specialization", "created_at", "updated_at", "health", "attack", "defence", "luck", "resistance", "speed") SELECT "id", "name", "description", "role", "damage_range", "damage_specialization", "created_at", "updated_at", "health", "attack", "defence", "luck", "resistance", '0' FROM "script_script"; (params ())
2026-05-21 23:18:16 [DEBUG   ] (schema.execute) DROP TABLE "script_script"; (params ())
2026-05-21 23:18:16 [DEBUG   ] (schema.execute) ALTER TABLE "new__script_script" RENAME TO "script_script"; (params ())
 OK
  Applying script.0006_alter_action_cast_time_alter_action_cooldown...2026-05-21 23:18:16 [DEBUG   ] (schema.execute) CREATE TABLE "new__script_action" ("id" integer NOT NULL PRIMARY KEY AUTOINCREMENT, "name" varchar(100) NOT NULL, "description" text NOT NULL, "base_power" integer NOT NULL, "type" varchar(20) NOT NULL, "cooldown" integer NOT NULL, "duration" integer NULL, "max_targets" integer NOT NULL, "attribute_modified" varchar(10) NULL, "created_at" datetime NOT NULL, "updated_at" datetime NOT NULL, "cast_time" decimal NULL); (params None)
2026-05-21 23:18:16 [DEBUG   ] (schema.execute) INSERT INTO "new__script_action" ("id", "name", "description", "base_power", "type", "cooldown", "duration", "max_targets", "attribute_modified", "created_at", "updated_at", "cast_time") SELECT "id", "name", "description", "base_power", "type", "cooldown", "duration", "max_targets", "attribute_modified", "created_at", "updated_at", "cast_time" FROM "script_action"; (params ())
2026-05-21 23:18:16 [DEBUG   ] (schema.execute) DROP TABLE "script_action"; (params ())
2026-05-21 23:18:16 [DEBUG   ] (schema.execute) ALTER TABLE "new__script_action" RENAME TO "script_action"; (params ())
2026-05-21 23:18:16 [DEBUG   ] (schema.execute) CREATE TABLE "new__script_action" ("id" integer NOT NULL PRIMARY KEY AUTOINCREMENT, "name" varchar(100) NOT NULL, "description" text NOT NULL, "base_power" integer NOT NULL, "type" varchar(20) NOT NULL, "cast_time" decimal NULL, "duration" integer NULL, "max_targets" integer NOT NULL, "attribute_modified" varchar(10) NULL, "created_at" datetime NOT NULL, "updated_at" datetime NOT NULL, "cooldown" decimal NOT NULL); (params None)
2026-05-21 23:18:16 [DEBUG   ] (schema.execute) INSERT INTO "new__script_action" ("id", "name", "description", "base_power", "type", "cast_time", "duration", "max_targets", "attribute_modified", "created_at", "updated_at", "cooldown") SELECT "id", "name", "description", "base_power", "type", "cast_time", "duration", "max_targets", "attribute_modified", "created_at", "updated_at", "cooldown" FROM "script_action"; (params ())
2026-05-21 23:18:16 [DEBUG   ] (schema.execute) DROP TABLE "script_action"; (params ())
2026-05-21 23:18:16 [DEBUG   ] (schema.execute) ALTER TABLE "new__script_action" RENAME TO "script_action"; (params ())
 OK
  Applying script.0007_npcscript_action_pool_script_action_pool...2026-05-21 23:18:16 [DEBUG   ] (schema.execute) CREATE TABLE "script_npcscript_action_pool" ("id" integer NOT NULL PRIMARY KEY AUTOINCREMENT, "npcscript_id" bigint NOT NULL REFERENCES "script_npcscript" ("id") DEFERRABLE INITIALLY DEFERRED, "action_id" bigint NOT NULL REFERENCES "script_action" ("id") DEFERRABLE INITIALLY DEFERRED); (params None)
2026-05-21 23:18:16 [DEBUG   ] (schema.execute) CREATE TABLE "script_script_action_pool" ("id" integer NOT NULL PRIMARY KEY AUTOINCREMENT, "script_id" bigint NOT NULL REFERENCES "script_script" ("id") DEFERRABLE INITIALLY DEFERRED, "action_id" bigint NOT NULL REFERENCES "script_action" ("id") DEFERRABLE INITIALLY DEFERRED); (params None)
2026-05-21 23:18:16 [DEBUG   ] (schema.execute) CREATE UNIQUE INDEX "script_npcscript_action_pool_npcscript_id_action_id_8e75b271_uniq" ON "script_npcscript_action_pool" ("npcscript_id", "action_id"); (params None)
2026-05-21 23:18:16 [DEBUG   ] (schema.execute) CREATE INDEX "script_npcscript_action_pool_npcscript_id_5d1d9023" ON "script_npcscript_action_pool" ("npcscript_id"); (params None)
2026-05-21 23:18:16 [DEBUG   ] (schema.execute) CREATE INDEX "script_npcscript_action_pool_action_id_944be669" ON "script_npcscript_action_pool" ("action_id"); (params None)
2026-05-21 23:18:16 [DEBUG   ] (schema.execute) CREATE UNIQUE INDEX "script_script_action_pool_script_id_action_id_eeacfe3d_uniq" ON "script_script_action_pool" ("script_id", "action_id"); (params None)
2026-05-21 23:18:16 [DEBUG   ] (schema.execute) CREATE INDEX "script_script_action_pool_script_id_8ce4a37c" ON "script_script_action_pool" ("script_id"); (params None)
2026-05-21 23:18:16 [DEBUG   ] (schema.execute) CREATE INDEX "script_script_action_pool_action_id_1edde5b1" ON "script_script_action_pool" ("action_id"); (params None)
 OK
  Applying script.0008_rename_health_npcscript_hp_rename_health_script_hp...2026-05-21 23:18:16 [DEBUG   ] (schema.execute) ALTER TABLE "script_npcscript" RENAME COLUMN "health" TO "hp"; (params ())
2026-05-21 23:18:16 [DEBUG   ] (schema.execute) ALTER TABLE "script_script" RENAME COLUMN "health" TO "hp"; (params ())
 OK
  Applying game.0001_initial...2026-05-21 23:18:16 [DEBUG   ] (schema.execute) CREATE TABLE "game_stage" ("id" integer NOT NULL PRIMARY KEY AUTOINCREMENT, "name" varchar(100) NOT NULL, "description" text NOT NULL, "order" integer unsigned NOT NULL CHECK ("order" >= 0), "is_demo" bool NOT NULL, "enemy_count" integer unsigned NOT NULL CHECK ("enemy_count" >= 0), "demo_party_size" integer unsigned NOT NULL CHECK ("demo_party_size" >= 0), "xp_reward" integer unsigned NOT NULL CHECK ("xp_reward" >= 0), "min_party_level" integer unsigned NOT NULL CHECK ("min_party_level" >= 0), "created_at" datetime NOT NULL, "updated_at" datetime NOT NULL); (params None)
2026-05-21 23:18:16 [DEBUG   ] (schema.execute) CREATE TABLE "game_stage_demo_party_pool" ("id" integer NOT NULL PRIMARY KEY AUTOINCREMENT, "stage_id" bigint NOT NULL REFERENCES "game_stage" ("id") DEFERRABLE INITIALLY DEFERRED, "script_id" bigint NOT NULL REFERENCES "script_script" ("id") DEFERRABLE INITIALLY DEFERRED); (params None)
2026-05-21 23:18:16 [DEBUG   ] (schema.execute) CREATE TABLE "game_stage_enemy_pool" ("id" integer NOT NULL PRIMARY KEY AUTOINCREMENT, "stage_id" bigint NOT NULL REFERENCES "game_stage" ("id") DEFERRABLE INITIALLY DEFERRED, "npcscript_id" bigint NOT NULL REFERENCES "script_npcscript" ("id") DEFERRABLE INITIALLY DEFERRED); (params None)
2026-05-21 23:18:16 [DEBUG   ] (schema.execute) CREATE UNIQUE INDEX "game_stage_demo_party_pool_stage_id_script_id_a658ce94_uniq" ON "game_stage_demo_party_pool" ("stage_id", "script_id"); (params None)
2026-05-21 23:18:16 [DEBUG   ] (schema.execute) CREATE INDEX "game_stage_demo_party_pool_stage_id_4becbcb0" ON "game_stage_demo_party_pool" ("stage_id"); (params None)
2026-05-21 23:18:16 [DEBUG   ] (schema.execute) CREATE INDEX "game_stage_demo_party_pool_script_id_75f2f143" ON "game_stage_demo_party_pool" ("script_id"); (params None)
2026-05-21 23:18:16 [DEBUG   ] (schema.execute) CREATE UNIQUE INDEX "game_stage_enemy_pool_stage_id_npcscript_id_51d6698b_uniq" ON "game_stage_enemy_pool" ("stage_id", "npcscript_id"); (params None)
2026-05-21 23:18:16 [DEBUG   ] (schema.execute) CREATE INDEX "game_stage_enemy_pool_stage_id_4f32af17" ON "game_stage_enemy_pool" ("stage_id"); (params None)
2026-05-21 23:18:16 [DEBUG   ] (schema.execute) CREATE INDEX "game_stage_enemy_pool_npcscript_id_78bed1b3" ON "game_stage_enemy_pool" ("npcscript_id"); (params None)
 OK
  Applying game.0002_remove_stage_demo_party_size_stage_party_size...2026-05-21 23:18:16 [DEBUG   ] (schema.execute) ALTER TABLE "game_stage" DROP COLUMN "demo_party_size"; (params ())
2026-05-21 23:18:16 [DEBUG   ] (schema.execute) CREATE TABLE "new__game_stage" ("id" integer NOT NULL PRIMARY KEY AUTOINCREMENT, "name" varchar(100) NOT NULL, "description" text NOT NULL, "order" integer unsigned NOT NULL CHECK ("order" >= 0), "is_demo" bool NOT NULL, "enemy_count" integer unsigned NOT NULL CHECK ("enemy_count" >= 0), "xp_reward" integer unsigned NOT NULL CHECK ("xp_reward" >= 0), "min_party_level" integer unsigned NOT NULL CHECK ("min_party_level" >= 0), "created_at" datetime NOT NULL, "updated_at" datetime NOT NULL, "party_size" integer unsigned NOT NULL CHECK ("party_size" >= 0)); (params None)
2026-05-21 23:18:16 [DEBUG   ] (schema.execute) INSERT INTO "new__game_stage" ("id", "name", "description", "order", "is_demo", "enemy_count", "xp_reward", "min_party_level", "created_at", "updated_at", "party_size") SELECT "id", "name", "description", "order", "is_demo", "enemy_count", "xp_reward", "min_party_level", "created_at", "updated_at", 5 FROM "game_stage"; (params ())
2026-05-21 23:18:16 [DEBUG   ] (schema.execute) DROP TABLE "game_stage"; (params ())
2026-05-21 23:18:16 [DEBUG   ] (schema.execute) ALTER TABLE "new__game_stage" RENAME TO "game_stage"; (params ())
 OK
  Applying script.0009_action_is_instant...2026-05-21 23:18:16 [DEBUG   ] (schema.execute) CREATE TABLE "new__script_action" ("id" integer NOT NULL PRIMARY KEY AUTOINCREMENT, "name" varchar(100) NOT NULL, "description" text NOT NULL, "base_power" integer NOT NULL, "type" varchar(20) NOT NULL, "cast_time" decimal NULL, "cooldown" decimal NOT NULL, "duration" integer NULL, "max_targets" integer NOT NULL, "attribute_modified" varchar(10) NULL, "created_at" datetime NOT NULL, "updated_at" datetime NOT NULL, "is_instant" bool NULL); (params None)
2026-05-21 23:18:16 [DEBUG   ] (schema.execute) INSERT INTO "new__script_action" ("id", "name", "description", "base_power", "type", "cast_time", "cooldown", "duration", "max_targets", "attribute_modified", "created_at", "updated_at", "is_instant") SELECT "id", "name", "description", "base_power", "type", "cast_time", "cooldown", "duration", "max_targets", "attribute_modified", "created_at", "updated_at", 0 FROM "script_action"; (params ())
2026-05-21 23:18:16 [DEBUG   ] (schema.execute) DROP TABLE "script_action"; (params ())
2026-05-21 23:18:16 [DEBUG   ] (schema.execute) ALTER TABLE "new__script_action" RENAME TO "script_action"; (params ())
2026-05-21 23:18:16 [DEBUG   ] (schema.execute) CREATE TABLE "new__script_action" ("id" integer NOT NULL PRIMARY KEY AUTOINCREMENT, "name" varchar(100) NOT NULL, "description" text NOT NULL, "base_power" integer NOT NULL, "type" varchar(20) NOT NULL, "cast_time" decimal NULL, "cooldown" decimal NOT NULL, "duration" integer NULL, "max_targets" integer NOT NULL, "attribute_modified" varchar(10) NULL, "created_at" datetime NOT NULL, "updated_at" datetime NOT NULL, "is_instant" bool NOT NULL); (params None)
2026-05-21 23:18:16 [DEBUG   ] (schema.execute) INSERT INTO "new__script_action" ("id", "name", "description", "base_power", "type", "cast_time", "cooldown", "duration", "max_targets", "attribute_modified", "created_at", "updated_at", "is_instant") SELECT "id", "name", "description", "base_power", "type", "cast_time", "cooldown", "duration", "max_targets", "attribute_modified", "created_at", "updated_at", coalesce("is_instant", 0) FROM "script_action"; (params ())
2026-05-21 23:18:16 [DEBUG   ] (schema.execute) DROP TABLE "script_action"; (params ())
2026-05-21 23:18:16 [DEBUG   ] (schema.execute) ALTER TABLE "new__script_action" RENAME TO "script_action"; (params ())
 OK
  Applying script.0010_scriptpoolentry_npcscriptpoolentry...2026-05-21 23:18:16 [DEBUG   ] (schema.execute) DROP TABLE "script_npcscript_action_pool"; (params ())
2026-05-21 23:18:16 [DEBUG   ] (schema.execute) DROP TABLE "script_script_action_pool"; (params ())
2026-05-21 23:18:16 [DEBUG   ] (schema.execute) CREATE TABLE "script_npcscriptpoolentry" ("id" integer NOT NULL PRIMARY KEY AUTOINCREMENT, "weight" integer unsigned NOT NULL CHECK ("weight" >= 0), "action_id" bigint NOT NULL REFERENCES "script_action" ("id") DEFERRABLE INITIALLY DEFERRED, "npc_script_id" bigint NOT NULL REFERENCES "script_npcscript" ("id") DEFERRABLE INITIALLY DEFERRED); (params None)
2026-05-21 23:18:16 [DEBUG   ] (schema.execute) CREATE TABLE "script_scriptpoolentry" ("id" integer NOT NULL PRIMARY KEY AUTOINCREMENT, "weight" integer unsigned NOT NULL CHECK ("weight" >= 0), "action_id" bigint NOT NULL REFERENCES "script_action" ("id") DEFERRABLE INITIALLY DEFERRED, "script_id" bigint NOT NULL REFERENCES "script_script" ("id") DEFERRABLE INITIALLY DEFERRED); (params None)
2026-05-21 23:18:16 [DEBUG   ] (schema.execute) CREATE TABLE "new__script_npcscript" ("id" integer NOT NULL PRIMARY KEY AUTOINCREMENT, "name" varchar(100) NOT NULL, "description" text NOT NULL, "damage_specialization" varchar(20) NOT NULL, "defence" decimal NOT NULL, "resistance" decimal NOT NULL, "attack" decimal NOT NULL, "speed" decimal NOT NULL, "luck" decimal NOT NULL, "created_at" datetime NOT NULL, "updated_at" datetime NOT NULL, "hp" integer NOT NULL); (params None)
2026-05-21 23:18:16 [DEBUG   ] (schema.execute) INSERT INTO "new__script_npcscript" ("id", "name", "description", "damage_specialization", "defence", "resistance", "attack", "speed", "luck", "created_at", "updated_at", "hp") SELECT "id", "name", "description", "damage_specialization", "defence", "resistance", "attack", "speed", "luck", "created_at", "updated_at", "hp" FROM "script_npcscript"; (params ())
2026-05-21 23:18:16 [DEBUG   ] (schema.execute) DROP TABLE "script_npcscript"; (params ())
2026-05-21 23:18:16 [DEBUG   ] (schema.execute) ALTER TABLE "new__script_npcscript" RENAME TO "script_npcscript"; (params ())
2026-05-21 23:18:16 [DEBUG   ] (schema.execute) CREATE UNIQUE INDEX "script_npcscriptpoolentry_npc_script_id_action_id_2e896e42_uniq" ON "script_npcscriptpoolentry" ("npc_script_id", "action_id"); (params ())
2026-05-21 23:18:16 [DEBUG   ] (schema.execute) CREATE INDEX "script_npcscriptpoolentry_action_id_27d678d7" ON "script_npcscriptpoolentry" ("action_id"); (params ())
2026-05-21 23:18:16 [DEBUG   ] (schema.execute) CREATE INDEX "script_npcscriptpoolentry_npc_script_id_cdcde641" ON "script_npcscriptpoolentry" ("npc_script_id"); (params ())
2026-05-21 23:18:16 [DEBUG   ] (schema.execute) CREATE UNIQUE INDEX "script_scriptpoolentry_script_id_action_id_7e966b9a_uniq" ON "script_scriptpoolentry" ("script_id", "action_id"); (params ())
2026-05-21 23:18:16 [DEBUG   ] (schema.execute) CREATE INDEX "script_scriptpoolentry_action_id_1720327b" ON "script_scriptpoolentry" ("action_id"); (params ())
2026-05-21 23:18:16 [DEBUG   ] (schema.execute) CREATE INDEX "script_scriptpoolentry_script_id_cee0dd57" ON "script_scriptpoolentry" ("script_id"); (params ())
2026-05-21 23:18:16 [DEBUG   ] (schema.execute) CREATE TABLE "new__script_script" ("id" integer NOT NULL PRIMARY KEY AUTOINCREMENT, "name" varchar(100) NOT NULL, "description" text NOT NULL, "role" varchar(10) NOT NULL, "damage_range" varchar(10) NOT NULL, "damage_specialization" varchar(20) NOT NULL, "created_at" datetime NOT NULL, "updated_at" datetime NOT NULL, "attack" decimal NOT NULL, "defence" decimal NOT NULL, "luck" decimal NOT NULL, "resistance" decimal NOT NULL, "speed" decimal NOT NULL, "hp" integer NOT NULL); (params None)
2026-05-21 23:18:16 [DEBUG   ] (schema.execute) INSERT INTO "new__script_script" ("id", "name", "description", "role", "damage_range", "damage_specialization", "created_at", "updated_at", "attack", "defence", "luck", "resistance", "speed", "hp") SELECT "id", "name", "description", "role", "damage_range", "damage_specialization", "created_at", "updated_at", "attack", "defence", "luck", "resistance", "speed", "hp" FROM "script_script"; (params ())
2026-05-21 23:18:16 [DEBUG   ] (schema.execute) DROP TABLE "script_script"; (params ())
2026-05-21 23:18:16 [DEBUG   ] (schema.execute) ALTER TABLE "new__script_script" RENAME TO "script_script"; (params ())
 OK
  Applying sessions.0001_initial...2026-05-21 23:18:16 [DEBUG   ] (schema.execute) CREATE TABLE "django_session" ("session_key" varchar(40) NOT NULL PRIMARY KEY, "session_data" text NOT NULL, "expire_date" datetime NOT NULL); (params None)
2026-05-21 23:18:16 [DEBUG   ] (schema.execute) CREATE INDEX "django_session_expire_date_a5c62663" ON "django_session" ("expire_date"); (params None)
 OK
  Applying users.0002_challengequestion...2026-05-21 23:18:16 [DEBUG   ] (schema.execute) CREATE TABLE "users_challengequestion" ("id" integer NOT NULL PRIMARY KEY AUTOINCREMENT, "question" varchar(255) NOT NULL, "answer" varchar(255) NOT NULL); (params None)
 OK
  Applying users.0003_userscript_delete_challengequestion...2026-05-21 23:18:16 [DEBUG   ] (schema.execute) CREATE TABLE "users_userscript" ("id" integer NOT NULL PRIMARY KEY AUTOINCREMENT, "in_party" bool NOT NULL, "script_id" bigint NOT NULL REFERENCES "script_script" ("id") DEFERRABLE INITIALLY DEFERRED, "user_id" bigint NOT NULL REFERENCES "users_user" ("id") DEFERRABLE INITIALLY DEFERRED); (params None)
2026-05-21 23:18:16 [DEBUG   ] (schema.execute) DROP TABLE "users_challengequestion"; (params ())
2026-05-21 23:18:16 [DEBUG   ] (schema.execute) CREATE INDEX "users_userscript_script_id_51201f9d" ON "users_userscript" ("script_id"); (params None)
2026-05-21 23:18:16 [DEBUG   ] (schema.execute) CREATE INDEX "users_userscript_user_id_094ab916" ON "users_userscript" ("user_id"); (params None)
 OK
  Applying users.0004_userscript_hp_userscript_mana...2026-05-21 23:18:16 [DEBUG   ] (schema.execute) CREATE TABLE "new__users_userscript" ("id" integer NOT NULL PRIMARY KEY AUTOINCREMENT, "in_party" bool NOT NULL, "script_id" bigint NOT NULL REFERENCES "script_script" ("id") DEFERRABLE INITIALLY DEFERRED, "user_id" bigint NOT NULL REFERENCES "users_user" ("id") DEFERRABLE INITIALLY DEFERRED, "hp" integer NOT NULL); (params None)
2026-05-21 23:18:16 [DEBUG   ] (schema.execute) INSERT INTO "new__users_userscript" ("id", "in_party", "script_id", "user_id", "hp") SELECT "id", "in_party", "script_id", "user_id", 100 FROM "users_userscript"; (params ())
2026-05-21 23:18:16 [DEBUG   ] (schema.execute) DROP TABLE "users_userscript"; (params ())
2026-05-21 23:18:16 [DEBUG   ] (schema.execute) ALTER TABLE "new__users_userscript" RENAME TO "users_userscript"; (params ())
2026-05-21 23:18:16 [DEBUG   ] (schema.execute) CREATE INDEX "users_userscript_script_id_51201f9d" ON "users_userscript" ("script_id"); (params ())
2026-05-21 23:18:16 [DEBUG   ] (schema.execute) CREATE INDEX "users_userscript_user_id_094ab916" ON "users_userscript" ("user_id"); (params ())
2026-05-21 23:18:16 [DEBUG   ] (schema.execute) CREATE TABLE "new__users_userscript" ("id" integer NOT NULL PRIMARY KEY AUTOINCREMENT, "in_party" bool NOT NULL, "script_id" bigint NOT NULL REFERENCES "script_script" ("id") DEFERRABLE INITIALLY DEFERRED, "user_id" bigint NOT NULL REFERENCES "users_user" ("id") DEFERRABLE INITIALLY DEFERRED, "hp" integer NOT NULL, "mana" integer NOT NULL); (params None)
2026-05-21 23:18:16 [DEBUG   ] (schema.execute) INSERT INTO "new__users_userscript" ("id", "in_party", "script_id", "user_id", "hp", "mana") SELECT "id", "in_party", "script_id", "user_id", "hp", 100 FROM "users_userscript"; (params ())
2026-05-21 23:18:16 [DEBUG   ] (schema.execute) DROP TABLE "users_userscript"; (params ())
2026-05-21 23:18:16 [DEBUG   ] (schema.execute) ALTER TABLE "new__users_userscript" RENAME TO "users_userscript"; (params ())
2026-05-21 23:18:16 [DEBUG   ] (schema.execute) CREATE INDEX "users_userscript_script_id_51201f9d" ON "users_userscript" ("script_id"); (params ())
2026-05-21 23:18:16 [DEBUG   ] (schema.execute) CREATE INDEX "users_userscript_user_id_094ab916" ON "users_userscript" ("user_id"); (params ())
 OK
  Applying users.0005_userscript_created_at_userscript_updated_at...2026-05-21 23:18:16 [DEBUG   ] (schema.execute) CREATE TABLE "new__users_userscript" ("id" integer NOT NULL PRIMARY KEY AUTOINCREMENT, "in_party" bool NOT NULL, "script_id" bigint NOT NULL REFERENCES "script_script" ("id") DEFERRABLE INITIALLY DEFERRED, "user_id" bigint NOT NULL REFERENCES "users_user" ("id") DEFERRABLE INITIALLY DEFERRED, "hp" integer NOT NULL, "mana" integer NOT NULL, "created_at" datetime NOT NULL); (params None)
2026-05-21 23:18:16 [DEBUG   ] (schema.execute) INSERT INTO "new__users_userscript" ("id", "in_party", "script_id", "user_id", "hp", "mana", "created_at") SELECT "id", "in_party", "script_id", "user_id", "hp", "mana", '2026-05-21 23:18:16.194202' FROM "users_userscript"; (params ())
2026-05-21 23:18:16 [DEBUG   ] (schema.execute) DROP TABLE "users_userscript"; (params ())
2026-05-21 23:18:16 [DEBUG   ] (schema.execute) ALTER TABLE "new__users_userscript" RENAME TO "users_userscript"; (params ())
2026-05-21 23:18:16 [DEBUG   ] (schema.execute) CREATE INDEX "users_userscript_script_id_51201f9d" ON "users_userscript" ("script_id"); (params ())
2026-05-21 23:18:16 [DEBUG   ] (schema.execute) CREATE INDEX "users_userscript_user_id_094ab916" ON "users_userscript" ("user_id"); (params ())
2026-05-21 23:18:16 [DEBUG   ] (schema.execute) CREATE TABLE "new__users_userscript" ("id" integer NOT NULL PRIMARY KEY AUTOINCREMENT, "in_party" bool NOT NULL, "script_id" bigint NOT NULL REFERENCES "script_script" ("id") DEFERRABLE INITIALLY DEFERRED, "user_id" bigint NOT NULL REFERENCES "users_user" ("id") DEFERRABLE INITIALLY DEFERRED, "hp" integer NOT NULL, "mana" integer NOT NULL, "created_at" datetime NOT NULL, "updated_at" datetime NOT NULL); (params None)
2026-05-21 23:18:16 [DEBUG   ] (schema.execute) INSERT INTO "new__users_userscript" ("id", "in_party", "script_id", "user_id", "hp", "mana", "created_at", "updated_at") SELECT "id", "in_party", "script_id", "user_id", "hp", "mana", "created_at", '2026-05-21 23:18:16.199674' FROM "users_userscript"; (params ())
2026-05-21 23:18:16 [DEBUG   ] (schema.execute) DROP TABLE "users_userscript"; (params ())
2026-05-21 23:18:16 [DEBUG   ] (schema.execute) ALTER TABLE "new__users_userscript" RENAME TO "users_userscript"; (params ())
2026-05-21 23:18:16 [DEBUG   ] (schema.execute) CREATE INDEX "users_userscript_script_id_51201f9d" ON "users_userscript" ("script_id"); (params ())
2026-05-21 23:18:16 [DEBUG   ] (schema.execute) CREATE INDEX "users_userscript_user_id_094ab916" ON "users_userscript" ("user_id"); (params ())
 OK
  Applying users.0006_userscript_actions...2026-05-21 23:18:16 [DEBUG   ] (schema.execute) CREATE TABLE "users_userscript_actions" ("id" integer NOT NULL PRIMARY KEY AUTOINCREMENT, "userscript_id" bigint NOT NULL REFERENCES "users_userscript" ("id") DEFERRABLE INITIALLY DEFERRED, "action_id" bigint NOT NULL REFERENCES "script_action" ("id") DEFERRABLE INITIALLY DEFERRED); (params None)
2026-05-21 23:18:16 [DEBUG   ] (schema.execute) CREATE UNIQUE INDEX "users_userscript_actions_userscript_id_action_id_96eae83f_uniq" ON "users_userscript_actions" ("userscript_id", "action_id"); (params None)
2026-05-21 23:18:16 [DEBUG   ] (schema.execute) CREATE INDEX "users_userscript_actions_userscript_id_fe67b301" ON "users_userscript_actions" ("userscript_id"); (params None)
2026-05-21 23:18:16 [DEBUG   ] (schema.execute) CREATE INDEX "users_userscript_actions_action_id_facec25c" ON "users_userscript_actions" ("action_id"); (params None)
 OK
  Applying users.0007_userpreferences...2026-05-21 23:18:16 [DEBUG   ] (schema.execute) CREATE TABLE "users_userpreferences" ("id" integer NOT NULL PRIMARY KEY AUTOINCREMENT, "confirm_cast_cancel" bool NOT NULL, "user_id" bigint NOT NULL UNIQUE REFERENCES "users_user" ("id") DEFERRABLE INITIALLY DEFERRED); (params None)
 OK
  Applying users.0008_alter_userpreferences_confirm_cast_cancel...2026-05-21 23:18:16 [DEBUG   ] (schema.execute) CREATE TABLE "new__users_userpreferences" ("id" integer NOT NULL PRIMARY KEY AUTOINCREMENT, "user_id" bigint NOT NULL UNIQUE REFERENCES "users_user" ("id") DEFERRABLE INITIALLY DEFERRED, "confirm_cast_cancel" bool NOT NULL); (params None)
2026-05-21 23:18:16 [DEBUG   ] (schema.execute) INSERT INTO "new__users_userpreferences" ("id", "user_id", "confirm_cast_cancel") SELECT "id", "user_id", "confirm_cast_cancel" FROM "users_userpreferences"; (params ())
2026-05-21 23:18:16 [DEBUG   ] (schema.execute) DROP TABLE "users_userpreferences"; (params ())
2026-05-21 23:18:16 [DEBUG   ] (schema.execute) ALTER TABLE "new__users_userpreferences" RENAME TO "users_userpreferences"; (params ())
 OK
  Applying users.0009_userscript_party_slot_and_more...2026-05-21 23:18:16 [DEBUG   ] (schema.execute) ALTER TABLE "users_userscript" ADD COLUMN "party_slot" smallint unsigned NULL CHECK ("party_slot" >= 0); (params None)
2026-05-21 23:18:16 [DEBUG   ] (schema.execute) CREATE UNIQUE INDEX "unique_party_slot_per_user" ON "users_userscript" ("user_id", "party_slot") WHERE "party_slot" IS NOT NULL; (params None)
test_instant_with_nonzero_cast_time_raises (script.tests.TestActionValidation.test_instant_with_nonzero_cast_time_raises)
is_instant=True with cast_time=1.0 must raise ValidationError. ... ok
test_valid_instant_action_saves (script.tests.TestActionValidation.test_valid_instant_action_saves)
is_instant=True, cast_time=0 should save without error. ... ok
test_valid_noninstant_action_saves (script.tests.TestActionValidation.test_valid_noninstant_action_saves)
is_instant=False, cast_time=1.5 should save without error. ... ok
test_zero_cast_time_without_instant_raises (script.tests.TestActionValidation.test_zero_cast_time_without_instant_raises)
cast_time=0 with is_instant=False must raise ValidationError. ... ok
test_luck_100_always_crits (script.tests.TestCalculateDamage.test_luck_100_always_crits)
luck=100 → 100% crit chance → all crits over 10 attacks. ... ok
test_luck_zero_never_crits (script.tests.TestCalculateDamage.test_luck_zero_never_crits)
luck=0 → 0% crit chance → no crits over 100 attacks. ... ok
test_minimum_damage_is_1 (script.tests.TestCalculateDamage.test_minimum_damage_is_1)
Even with very high mitigation, final_damage must be ≥ 1. ... ok
test_nonphysical_uses_resistance (script.tests.TestCalculateDamage.test_nonphysical_uses_resistance)
Non-physical action: mitigation = defender.resistance, not defence. ... ok
test_physical_uses_defence (script.tests.TestCalculateDamage.test_physical_uses_defence)
Physical action: mitigation = defender.defence, not resistance. ... ok
test_type_multiplier_fire_vs_fire (script.tests.TestCalculateDamage.test_type_multiplier_fire_vs_fire)
fire vs fire defender → multiplier = 0.5. ... ok
test_type_multiplier_fire_vs_ice (script.tests.TestCalculateDamage.test_type_multiplier_fire_vs_ice)
fire vs ice defender → multiplier = 2.0. ... ok
test_type_multiplier_no_match (script.tests.TestCalculateDamage.test_type_multiplier_no_match)
fire vs physical defender → multiplier = 1.0 (no entry in table). ... ok
test_instant_returns_zero (script.tests.TestEffectiveCastTimeMs.test_instant_returns_zero)
Instant action always returns 0 regardless of speed. ... ok
test_speed_10_returns_80_percent (script.tests.TestEffectiveCastTimeMs.test_speed_10_returns_80_percent)
speed=10 → 20% reduction → 80% of raw ms. ... ok
test_speed_50_capped_at_80_percent (script.tests.TestEffectiveCastTimeMs.test_speed_50_capped_at_80_percent)
speed=50 → reduction capped at 20% → still 80% of raw ms. ... ok
test_speed_zero_returns_raw_ms (script.tests.TestEffectiveCastTimeMs.test_speed_zero_returns_raw_ms)
speed=0 → no reduction → raw cast time in ms. ... ok
test_empty_raises (script.tests.TestWeightedChoice.test_empty_raises)
weighted_choice([]) must raise ValueError. ... ok
test_single_entry_always_selected (script.tests.TestWeightedChoice.test_single_entry_always_selected)
weighted_choice([(42, 10)]) must always return 42. ... ok
test_statistical_ratio (script.tests.TestWeightedChoice.test_statistical_ratio)
Over 1000 draws from [(1, 30), (2, 10)], action 1 should be selected ... ok
test_cooldown_written_to_session (api.tests.TestGameAttackView.test_cooldown_written_to_session)
After a successful attack, session['cooldowns'] must contain the ... ok
test_no_action_when_all_on_cooldown (api.tests.TestGameAttackView.test_no_action_when_all_on_cooldown)
When all action IDs are on cooldown, the response must include ... ok
test_returns_action_name_is_crit_type_multiplier (api.tests.TestGameAttackView.test_returns_action_name_is_crit_type_multiplier)
A successful attack response must include action_name, is_crit, ... ok
test_source_not_found_returns_404 (api.tests.TestGameAttackView.test_source_not_found_returns_404)
source_id not present in session must return 404. Requirement 4.14. ... 2026-05-21 23:18:16 [WARNING ] (log.log_message) Not Found: /api/v1/game/attack/99999/1/1/enemy/
ok
test_attack_without_session_returns_404 (game.tests.AttackAPITests.test_attack_without_session_returns_404)
No game page loaded means no session data — should fail gracefully. ... 2026-05-21 23:18:16 [WARNING ] (log.log_message) Not Found: /api/v1/game/attack/1/2/1/enemy/
ok
test_cast_time_is_positive (game.tests.AttackAPITests.test_cast_time_is_positive) ... ok
test_damage_is_positive (game.tests.AttackAPITests.test_damage_is_positive) ... ok
test_enemy_attacks_player (game.tests.AttackAPITests.test_enemy_attacks_player) ... ok
test_enemy_can_attack_lowlife (game.tests.AttackAPITests.test_enemy_can_attack_lowlife)
Enemies should be able to target Efilwol (target_id=0). ... ok
test_player_attacks_enemy (game.tests.AttackAPITests.test_player_attacks_enemy) ... ok
test_player_can_attack_lowlife (game.tests.AttackAPITests.test_player_can_attack_lowlife)
target_id=0 is the Efilwol lowlife character. ... ok
test_unknown_source_returns_404 (game.tests.AttackAPITests.test_unknown_source_returns_404) ... 2026-05-21 23:18:17 [WARNING ] (log.log_message) Not Found: /api/v1/game/attack/99999/1/1/enemy/
ok
test_unknown_target_returns_404 (game.tests.AttackAPITests.test_unknown_target_returns_404) ... 2026-05-21 23:18:18 [WARNING ] (log.log_message) Not Found: /api/v1/game/attack/3/99999/1/enemy/
ok
test_auth_stage_redirects_anon (game.tests.GameViewTests.test_auth_stage_redirects_anon) ... ok
test_demo_party_generated_for_anon (game.tests.GameViewTests.test_demo_party_generated_for_anon) ... ok
test_demo_stage_accessible_without_login (game.tests.GameViewTests.test_demo_stage_accessible_without_login) ... ok
test_demo_stage_context_has_is_demo_true (game.tests.GameViewTests.test_demo_stage_context_has_is_demo_true) ... ok
test_game_context_has_game_id_and_hash (game.tests.GameViewTests.test_game_context_has_game_id_and_hash) ... ok
test_game_context_has_healz (game.tests.GameViewTests.test_game_context_has_healz) ... ok
test_game_context_has_party (game.tests.GameViewTests.test_game_context_has_party) ... ok
test_game_context_has_three_enemies (game.tests.GameViewTests.test_game_context_has_three_enemies) ... ok
test_game_context_lowlife_is_efilwol (game.tests.GameViewTests.test_game_context_lowlife_is_efilwol) ... ok
test_game_index_loads (game.tests.GameViewTests.test_game_index_loads) ... ok
test_game_loads_when_logged_in (game.tests.GameViewTests.test_game_loads_when_logged_in) ... ok
test_game_requires_login (game.tests.GameViewTests.test_game_requires_login) ... ok
test_game_sets_session_enemy_scripts (game.tests.GameViewTests.test_game_sets_session_enemy_scripts) ... ok
test_game_sets_session_party_scripts (game.tests.GameViewTests.test_game_sets_session_party_scripts) ... ok
test_index_shows_stages (game.tests.GameViewTests.test_index_shows_stages) ... ok
test_party_session_id_matches_script_id (game.tests.GameViewTests.test_party_session_id_matches_script_id) ... ok
test_action_str_contains_name (game.tests.StageModelTests.test_action_str_contains_name) ... ok
test_get_demo_party_returns_scripts (game.tests.StageModelTests.test_get_demo_party_returns_scripts) ... ok
test_get_enemies_returns_correct_count (game.tests.StageModelTests.test_get_enemies_returns_correct_count) ... ok
test_npc_str_is_name (game.tests.StageModelTests.test_npc_str_is_name) ... ok
test_party_size_default_is_five (game.tests.StageModelTests.test_party_size_default_is_five) ... ok
test_script_str_contains_name (game.tests.StageModelTests.test_script_str_contains_name) ... ok
test_str_includes_name_and_demo_tag (game.tests.StageModelTests.test_str_includes_name_and_demo_tag) ... ok
test_user_script_str (game.tests.StageModelTests.test_user_script_str) ... ok
test_cooldowns_reset_on_game_view (game.tests.TestGameViewSessionReset.test_cooldowns_reset_on_game_view)
Loading the game view must reset session['cooldowns'] to {}, even if ... ok
test_add_random_script (game.tests.UserScriptTests.test_add_random_script) ... ok
test_in_party_filter (game.tests.UserScriptTests.test_in_party_filter) ... ok
test_swap_in_party (game.tests.UserScriptTests.test_swap_in_party) ... ok
test_user_can_have_multiple_scripts (game.tests.UserScriptTests.test_user_can_have_multiple_scripts) ... ok
test_exactly_6_actions_assigned (users.tests.TestUserScriptAssignActions.test_exactly_6_actions_assigned)
Creating a UserScript from a pool of 8 assigns exactly 6 actions. ... ok
test_no_duplicates (users.tests.TestUserScriptAssignActions.test_no_duplicates)
The 6 assigned actions must all have unique IDs. ... ok
test_raises_if_pool_too_small (users.tests.TestUserScriptAssignActions.test_raises_if_pool_too_small)
Pool with only 5 entries must raise ValueError on UserScript creation. ... ok
test_weighted_distribution (users.tests.TestUserScriptAssignActions.test_weighted_distribution)
Action A (weight=30) should appear more frequently than any single ... FAIL

======================================================================
FAIL: test_weighted_distribution (users.tests.TestUserScriptAssignActions.test_weighted_distribution)
Action A (weight=30) should appear more frequently than any single
----------------------------------------------------------------------
Traceback (most recent call last):
  File "/home/asher/PycharmProjects/Efilwol/users/tests.py", line 129, in test_weighted_distribution
    self.assertGreater(
    ~~~~~~~~~~~~~~~~~~^
        count_a,
        ^^^^^^^^
    ...<2 lines>...
        f"count_a={count_a}, max_low={max_low}",
        ^^^^^^^^^^^^^^^^^^^^^^^^^^^^^^^^^^^^^^^^
    )
    ^
AssertionError: 100 not greater than 100 : Expected action A (weight=30) to appear more than any low-weight action. count_a=100, max_low=100

----------------------------------------------------------------------
Ran 65 tests in 17.100s

FAILED (failures=1)
Destroying test database for alias 'default' ('file:memorydb_default?mode=memory&cache=shared')...
 OK
System check identified no issues (0 silenced).
